# This test should be run with repo: https://hg.mozilla.org/releases/mozilla-aurora
# and revision: FIREFOX_AURORA_22_END
ERROR: Interface 'nsIB2GKeyboard', in file 'b2g.idl' needs a new IID
ERROR: Interface 'nsIFrameLoader', in file 'nsIFrameLoader.idl' needs a new IID
ERROR: Interface 'nsIDOMProgressEvent', in file 'nsIDOMProgressEvent.idl' needs a new IID
ERROR: Interface 'nsIDOMMozNavigatorSms', in file 'nsIDOMNavigatorMobileMessage.idl' needs a new IID
ERROR: Interface 'nsISmsRequest', in file 'nsIMobileMessageCallback.idl' needs a new IID
ERROR: Interface 'nsIWebSocketChannel', in file 'nsIWebSocketChannel.idl' needs a new IID
ERROR: Interface 'nsILoginManagerStorage', in file 'nsILoginManagerStorage.idl' needs a new IID
ERROR: Interface 'nsINavHistoryResultNode', in file 'nsINavHistoryService.idl' needs a new IID
ERROR: Interface 'IUIABridge', in file 'UIABridge.idl' needs a new IID
ERROR: Interface 'IUIAElement', in file 'UIABridge.idl' needs a new IID
